ProcedureId_Root,ProcedureId_Extension,PatientId_Root,PatientId_Extension,ProcedureCode,ProcedureCodeSystem,ProcedureDisplayName,ProcedureStartDate,StatusCode,StatusCodeSystem
2.16.840.1.113883.3.57.1.3.5.52.1.14,Procedure_1,2.16.840.1.113883.3.57.1.3.5.52.1.8.6,PHA_Relat_EncAT_P2,429400009,2.16.840.1.113883.6.96,,10/01/2012 01:01:25,,
2.16.840.1.113883.3.57.1.2.9,Procedure_2,2.16.840.1.113883.3.57.1.3.5.52.1.8.6,PHA_Relat_EncAT_P3,429400009,2.16.840.1.113883.6.96,,10/01/2012 01:01:25,,
2.16.840.1.113883.3.57.1.2.9,Procedure_3,2.16.840.1.113883.3.57.1.3.5.52.1.8.6,PHA_Relat_EncAT_P5,429400009,2.16.840.1.113883.6.96,,10/01/2012 01:01:25,,
2.16.840.1.113883.3.57.1.2.9,Procedure_4,2.16.840.1.113883.3.57.1.3.5.52.1.8.6,PHA_Relat_EncAT_P5,429400009,2.16.840.1.113883.6.96,,10/01/2012 01:01:25,,
2.16.840.1.113883.3.57.1.2.9,Procedure_5,2.16.840.1.113883.3.57.1.3.5.52.1.8.6,PHA_Relat_EncAT_P5,429400009,2.16.840.1.113883.6.96,,10/02/2012 01:01:25,,
2.16.840.1.113883.3.57.1.2.9,Procedure_6,2.16.840.1.113883.3.57.1.3.5.52.1.8.6,PHA_Relat_EncAT_P5,429400009,2.16.840.1.113883.6.96,,10/01/2012 01:01:25,,
