ImagingStudyId_Root,ImagingStudyId_Extension,SourceSystemId_Root,SourceSystemId_Extension,PatientId_Root,PatientId_Extension,EncounterId_Root,EncounterId_Extension,ImagingRequestId_Root,ImagingRequest_Extension,DocumentId_Root,DocumentId_Extension,ProcedureId_Root,ProcedureId_Extension,ImagingRequest_MoodCode,ImagingRequest_MoodCodeSystem,ImagingRequest_StatusCode,ImagingRequest_StatusCodeSystem,ImagingRequest_PriorityCode,ImagingRequest_PriorityCodeSystem,ImagingRequest_TypeCode,ImagingRequest_TypeCodeSystem,ImagingRequest_EffectiveDate,ScheduledTimeDate,LastUpdatedTime,RefererOrgId_Root,RefererOrgId_Extension,PerformingOrgId_Root,PerformingOrgId_Extension,ImagingStudyPerformerId_Root,ImagingStudyPerformerId_Extension,AssignedRequestedDeviceId_Root,AssignedRequestedDeviceId_Extension,AssignedStudyDeviceId_Root,AssignedStudyDeviceId_Extension,ImagingRequest_Code,ImagingRequest_CodeSystem,ImagingStudy_MoodCode,ImagingStudy_MoodCodeSystem,ImagingStudy_StatusCode,ImagingStudy_StatusCodeSystem,ImagingStudy_TypeCode,ImagingStudy_TypeCodeSystem,NegationInd,ImagingStudy_Title,ImagingStudy_EffectiveDate,ImagingStudy_PriorityCode,ImagingStudy_PriorityCodeSystem,UncertaintyCode,UncertaintyCodeSystem,MethodCode,MethodCodeSystem,InterpretationCode,InterpretationCodeSystem,ImagingStudy_Code,ImagingStudy_CodeSystem,TargetSiteCode,TargetSiteCodeSystem,RequestedTargetSiteCode,RequestedTargetSiteCodeSystem,FlagDelete
2.16.840.1.113883.3.57.1.3.5.52.1.43,PHA2_PBC_AT13img_2,2.16.840.1.113883.3.57.1.3.5.52.1.5,DemoEMPI,2.16.840.1.113883.3.57.1.3.5.52.1.8.6,PHA2_PBC_AT13_P3,2.16.840.1.113883.3.57.1.3.5.52.1.9,Readmissions_Enc_2,2.16.840.1.113883.3.57.1.3.5.52.1.17,PHA2_PBC_AT13imgR_1_P2,,,,,,,,,,,,,20131005,,,,,2.16.840.1.113883.3.57.1.3.5.52.1.6.1,PHA_EncAT_org1,2.16.840.1.113883.3.57.1.3.5.52.1.26,1211000,,,,,,,,,S,2.16.840.1.113883.3.57.1.3.5.1.111.2.8.11,Z,2.16.840.1.113883.3.57.1.3.5.52.2.81,,PHA2_PBC_AT13imgR_1_P2_TITLE,2013104,R,2.16.840.1.113883.5.7,,2.16.840.1.113883.5.1053,0002,2.16.840.1.113883.5.84,W,2.16.840.1.113883.5.83,77055,2.16.840.1.113883.3.57.1.3.5.52.2.82,W,2.16.840.1.113883.5.83,,,0
2.16.840.1.113883.3.57.1.3.5.52.1.43,PHA2_PBC_AT13img_3,2.16.840.1.113883.3.57.1.3.5.52.1.5,DemoEMPI,2.16.840.1.113883.3.57.1.3.5.52.1.8.6,PHA2_PBC_AT13_P3,TestingEncounterRIRoot,TestingEncounterRIExt,2.16.840.1.113883.3.57.1.3.5.52.1.17,PHA2_PBC_AT13imgR_1_P3,,,,,,,,,,,,,20131005,,,,,2.16.840.1.113883.3.57.1.3.5.52.1.6.1,PHA_EncAT_org1,2.16.840.1.113883.3.57.1.3.5.52.1.26,1211000,,,,,,,,,S,2.16.840.1.113883.3.57.1.3.5.1.111.2.8.11,RAD,2.16.840.1.113883.3.57.1.3.5.52.2.81,,PHA2_PBC_AT13imgR_1_P3_TITLE,20131005,R,2.16.840.1.113883.5.7,,2.16.840.1.113883.5.1053,0002,2.16.840.1.113883.5.84,W,2.16.840.1.113883.5.83,77055,2.16.840.1.113883.3.57.1.3.5.52.2.82,W,2.16.840.1.113883.5.83,,,0
2.16.840.1.113883.3.57.1.3.5.52.1.43,PHA2_PBC_AT13img_4,2.16.840.1.113883.3.57.1.3.5.52.1.5,DemoEMPI,2.16.840.1.113883.3.57.1.3.5.52.1.8.6,PHA2_PBC_AT13_P3,TestingEncounterRIRoot,TestingEncounterRIExt,2.16.840.1.113883.3.57.1.3.5.52.1.17,PHA2_PBC_AT13imgR_1_P3,,,,,,,,,,,,,20131005,,,,,2.16.840.1.113883.3.57.1.3.5.52.1.6.1,PHA_EncAT_org1,2.16.840.1.113883.3.57.1.3.5.52.1.26,1211000,,,,,,,,,S,2.16.840.1.113883.3.57.1.3.5.1.111.2.8.11,RAD,2.16.840.1.113883.3.57.1.3.5.52.2.81,,PHA2_PBC_AT13imgR_1_P3_TITLE,20131005,R,2.16.840.1.113883.5.7,,2.16.840.1.113883.5.1053,0002,2.16.840.1.113883.5.84,W,2.16.840.1.113883.5.83,77055,2.16.840.1.113883.3.57.1.3.5.52.2.82,W,2.16.840.1.113883.5.83,,,0
