PPOLId               attrib_Measure date_YearMonth measure_MemberInd sys_PartitionDate attrib_PatientAge
-------------------- -------------- -------------- ----------------- ----------------- -----------------
             9000372           1615 2014_01                        1              2014             14943
             9000372           1615 2014_01                        1              2014             14943
             9000372           1615 2014_02                        1              2014             14974
             9000372           1615 2014_02                        1              2014             14974
             9000372           1615 2014_03                        1              2014             15002
             9000372           1615 2014_03                        1              2014             15002
             9000372           1615 2014_04                        1              2014             15033
             9000372           1615 2014_04                        1              2014             15033
             9000375           1616 2014_01                        1              2014             15217
             9000375           1616 2014_01                        1              2014             15217
             9000375           1616 2014_02                        1              2014             15248
             9000375           1616 2014_02                        1              2014             15248
             9000375           1616 2014_03                        1              2014             15276
             9000375           1616 2014_03                        1              2014             15276
             9000375           1616 2014_04                        1              2014             15307
             9000375           1616 2014_04                        1              2014             15307
