Name,Local_Code
Immunizations Pn,33
Procedures GV,12843005
Procedures GV,18170008
Procedures GV,185349003
Procedures GV,185389009
Procedures GV,185462000
Procedures GV,185463005
Procedures GV,185464004
Procedures GV,185465003
Procedures GV,185466002
Procedures GV,185467006
Procedures GV,185468001
Procedures GV,185469009
Procedures GV,185470005
Procedures GV,19681004
Procedures GV,207195004
Procedures GV,210098006
Procedures GV,225929007
Procedures GV,270427003
Procedures GV,270430005
Procedures GV,281036007
Procedures GV,308335008
Procedures GV,310587004
Procedures GV,310588009
Procedures GV,310590005
Procedures GV,315205008
Procedures GV,386473003
Procedures GV,390906007
Procedures GV,406547006
Procedures GV,408481008
Procedures GV,408482001
Procedures GV,408483006
Procedures GV,408487007
Procedures GV,414386002
Procedures GV,416552008
Procedures GV,425604002
Procedures GV,439058005
Procedures GV,439708006
Procedures GV,439740005
Procedures GV,439887005
Procedures GV,440068009
Procedures GV,440085006
Procedures GV,440146002
Procedures GV,440611006
Procedures GV,440696002
Procedures GV,441244001
Procedures GV,50357006
Procedures GV,68341005
Procedures GV,87790002
Procedures GV,90526000
