Id_Extension,Encounter_Ext,Severity_Score,ScoreType,date_Score
PHA25_LACE_P1,PHA25_LACE_P1_E1,1,LACE Score,20150921
PHA25_LACE_P2,PHA25_LACE_P2_E1,10,Charlson Score,20150130
PHA25_LACE_P2,PHA25_LACE_P2_E1,16,LACE Score,20150725
PHA25_LACE_P3,PHA25_LACE_P3_E1,2,Charlson Score,20150125
PHA25_LACE_P3,PHA25_LACE_P3_E1,13,LACE Score,20150712
PHA25_LACE_P3,PHA25_LACE_P3_E3,2,Charlson Score,20150305
PHA25_LACE_P3,PHA25_LACE_P3_E3,10,LACE Score,20150831
PHA25_LACE_P4,PHA25_LACE_P4_E1,6,LACE Score,20150812
