FirstName,Encounter_Ext,IndicatorId,FromDate,To_Date,measure_IndicatorInd
firstname_LACE_PHA25_LACE_P1,PHA25_LACE_P1_E1,18,20150323,,0
firstname_LACE_PHA25_LACE_P1,PHA25_LACE_P1_E1,20,20150323,,0
firstname_LACE_PHA25_LACE_P1,PHA25_LACE_P1_E1,21,20150921,20150322,1
firstname_LACE_PHA25_LACE_P2,,36,20150130,,1
firstname_LACE_PHA25_LACE_P2,,37,20150130,,1
firstname_LACE_PHA25_LACE_P2,PHA25_LACE_P2_E1,18,20150130,,7
firstname_LACE_PHA25_LACE_P2,PHA25_LACE_P2_E1,19,20150130,,10
firstname_LACE_PHA25_LACE_P2,PHA25_LACE_P2_E1,20,20150130,,1
firstname_LACE_PHA25_LACE_P2,PHA25_LACE_P2_E1,21,20150725,20150123,3