IndexExt,ReExt,FuvExt,PatientEnterpriseID,OrgAssignedIndexRoot,OrgAssignedIndexExt,OrgAssignedReRoot,OrgAssignedReExt,OrgRelatedIndexRoot,OrgRelatedIndexExt,OrgRelatedReRoot,OrgRelatedReExt,ProviderAttendingIndexEnterpriseID,ProviderAttendingReEnterpriseID,ProviderRelatedIndexEnterpriseID,ProviderRelatedReEnterpriseID,date_IndexAdmission,date_DischargeIndexAdmission,fuvDate,date_Readmission,date_DischargeReadmission,attrib_Cohort,attrib_DeathDuringReadmissionInd,attrib_SameDischargeFacilityInd,range_LOS_IndexAdmission,range_TimeToFUV,range_LOS_Readmission,range_TimeBetweenAdmissions,mesure_IndexAdmissionInd,measure_ReadmissionInd,measure_LengthOfStay_IndexAdm,measure_LengthOfStay_Readmission,measure_TimeBetweenAdmissions,measure_FUV_7Day_Ind,measure_FUV_30Day_Ind,measure_TimeToFUV,sys_PartitionDate
Readmissions_Enc_1,Readmissions_Enc_2,Readmissions_Enc_2_AMBVisit,9000369,2.16.840.1.113883.3.57.1.3.5.52.1.6.1,Hospital_1_Level_3,2.16.840.1.113883.3.57.1.3.5.52.1.6.1,Hospital_2_Level_3,2.16.840.1.113883.3.57.1.3.5.52.1.6.1,HH,2.16.840.1.113883.3.57.1.3.5.52.1.6.1,HH,90039869,90039875,90039869,90039869,20130301,20130301,07/03/2013 18:00:00,20130301,20130301,50,0,0,2,48,5,360,1,1,48,120,360,1,1,48,201303
Readmissions_Enc_13,,Readmissions_Enc_13_AMBVisit,9000369,2.16.840.1.113883.3.57.1.3.5.52.1.6.1,Hospital_1_Level_3,,,2.16.840.1.113883.3.57.1.3.5.52.1.6.1,HH,,,90039869,,90039869,,20130701,20130701,30/07/2013 18:39:00,,,60,,-1,15,288,0,0,1,,360,,,,1,288,201307
Readmissions_Enc_15,Readmissions_Enc_16,,9000372,2.16.840.1.113883.3.57.1.3.5.52.1.6.1,Hospital_2_Level_3,2.16.840.1.113883.3.57.1.3.5.52.1.6.1,Hospital_2_Level_3,,,,,90039869,90039875,90039871,90039871,20130801,20130801,,20130801,20130801,70,0,1,10,-1,7,168,1,1,240,168,168,,,,201308
Readmissions_Enc_17,Readmissions_Enc_18,,9000375,2.16.840.1.113883.3.57.1.3.5.52.1.6.1,Hospital_2_Level_3,2.16.840.1.113883.3.57.1.3.5.52.1.6.1,Hospital_2_Level_3,2.16.840.1.113883.3.57.1.3.5.52.1.6.1,PHA_EncAT_org1,2.16.840.1.113883.3.57.1.3.5.52.1.6.1,PHA_EncAT_org1,90039869,90039875,90039873,90039873,20130301,20130301,,20130301,20130301,80,0,1,8,-1,14,120,1,1,192,336,120,,,,201303
Readmissions_Enc_19,Readmissions_Enc_20,,9000377,2.16.840.1.113883.3.57.1.3.5.52.1.6.1,Hospital_2_Level_3,2.16.840.1.113883.3.57.1.3.5.52.1.6.1,Hospital_2_Level_3,2.16.840.1.113883.3.57.1.3.5.52.1.6.1,PHA_EncAT_org5,2.16.840.1.113883.3.57.1.3.5.52.1.6.1,PHA_EncAT_org5,90039869,90039875,90039877,90039877,20130901,20130901,,20130901,20130901,90,0,1,12,-1,2,120,1,1,288,48,120,,,,201309
Readmissions_Enc_3,,Readmissions_Enc_3_AMBVisit,9000372,2.16.840.1.113883.3.57.1.3.5.52.1.6.1,Hospital_1_Level_3,,,,,,,90039869,,90039871,,20130401,20130401,22/04/2013 18:39:00,-1,-1,60,,-1,4,360,-1,-1,1,,96,,,,1,360,201304
Readmissions_Enc_7,Readmissions_Enc_8,,9000377,2.16.840.1.113883.3.57.1.3.5.52.1.6.1,Hospital_1_Level_3,2.16.840.1.113883.3.57.1.3.5.52.1.6.1,Hospital_1_Level_3,2.16.840.1.113883.3.57.1.3.5.52.1.6.1,PHA_EncAT_org5,2.16.840.1.113883.3.57.1.3.5.52.1.6.1,PHA_EncAT_org5,90039869,90039875,90039877,90039877,20130401,20130401,,20130401,20130401,80,0,1,16,-1,7,24,1,1,384,168,24,,,,201304
Readmissions_Enc_9,Readmissions_Enc_10,,9000378,2.16.840.1.113883.3.57.1.3.5.52.1.6.1,Hospital_2_Level_3,2.16.840.1.113883.3.57.1.3.5.52.1.6.1,Hospital_2_Level_3,,,,,90039869,90039875,90039877,90039877,20131001,20131001,,20131001,20131001,90,0,1,12,-1,5,120,1,1,288,120,120,,,,201310
Readmissions_EncFUV_22,,Readmissions_EncFUV_22_AMBVisit,9000377,2.16.840.1.113883.3.57.1.3.5.52.1.6.1,Hospital_2_Level_3,,,2.16.840.1.113883.3.57.1.3.5.52.1.6.1,PHA_EncAT_org5,,,,,90039877,,20130901,20130901,23/12/2012 23:39:00,-1,-1,70,,-1,2,576,-1,-1,1,,48,,,,1,576,201309
