PPOLId               attrib_Measure date_YearMonth measure_MemberInd sys_PartitionDate attrib_PatientAge
-------------------- -------------- -------------- ----------------- ----------------- -----------------
             9000369           1511 2015_01                        1              2015             14394
             9000369           1511 2015_02                        1              2015             14425
             9000369           1511 2015_03                        1              2015             14453
             9000369           1511 2015_04                        1              2015             14484
             9000369           1511 2015_05                        1              2015             14514
             9000369           1511 2015_06                        1              2015             14545
             9000369           1511 2015_07                        1              2015             14575
             9000369           1511 2015_08                        1              2015             14606
             9000369           1511 2015_09                        1              2015             14637
             9000369           1511 2015_10                        1              2015             14667
             9000369           1511 2015_11                        1              2015             14698
             9000369           1511 2015_12                        1              2015             14728
             9000372           1511 2015_01                        1              2015             15308
             9000372           1511 2015_02                        1              2015             15339
             9000372           1511 2015_03                        1              2015             15367
             9000372           1511 2015_04                        1              2015             15398
             9000372           1511 2015_05                        1              2015             15428
             9000372           1511 2015_06                        1              2015             15459
             9000372           1511 2015_07                        1              2015             15489
             9000372           1511 2015_08                        1              2015             15520
             9000372           1511 2015_09                        1              2015             15551
             9000372           1511 2015_10                        1              2015             15581
             9000372           1511 2015_11                        1              2015             15612
             9000372           1511 2015_12                        1              2015             15642
