LocalDesc,LocalDesc1
A,A
B1,A
B1,B1
B1,C
B2,A
B2,B2
B3,A
B3,B3
B4,A
B4,B4
B5,A
B5,B5
B6,A
B6,B6
C,C
D1,D1
D1,E
D2,D1
D2,D2
D2,E
D3,D3
D3,E
D4,D4
D4,E
E,E
L1,A
L1,B1
L1,C
L1,L1
L10,D3
L10,E
L10,L10
L11,D3
L11,E
L11,L11
L12,D4
L12,E
L12,L12
L2,A
L2,B2
L2,L2
L3,A
L3,B3
L3,L3
L4,A
L4,B3
L4,L4
L5,A
L5,B5
L5,L5
L6,A
L6,B6
L6,L6
L7,C
L7,L7
L8,D1
L8,E
L8,L8
L9,D1
L9,D2
L9,E
L9,L9
