ValueSetID,cnt
1,486
2,38
3,10
6,189
8,157
11,2
12,4831
13,21
14,1239
15,1237
16,45
17,3
18,50
19,21
20,9
21,36
22,8
23,134
24,38
25,18
26,252
27,15
28,640
29,30
30,172
31,633
32,4
33,29
34,336
35,11
36,491
37,3416
38,85
39,30
40,11
41,1906
42,3
44,3
46,196
49,314
50,767
