Id_Extension,Encounter_Ext,Severity_Score,ScoreType,date_Score
PHA25_LACE_P1,PHA25_LACE_P1_E1,1,LACE Score,20150921
PHA25_LACE_P2,PHA25_LACE_P2_E1,10,Charlson Score,20150130
PHA25_LACE_P2,PHA25_LACE_P2_E1,16,LACE Score,20150725